// Vitest Snapshot v1, https://vitest.dev/guide/snapshot.html

exports[`PlayerNameModal > Check Snapshot 1`] = `
"<div class=\\"game-modal\\">
  <div class=\\"game-modal__overlay\\"></div>
  <div class=\\"game-modal__body\\">
    <div class=\\"flex w-full h-full justify-center items-center\\">
      <div class=\\"w-full\\">
        <div class=\\"mb-4 text-secondary text-lg\\"> Hi, Welcome to Game Memory. Please type your name </div>
        <div><input class=\\"game-text-box\\" modelvalue=\\"\\" placeholder=\\"Enter your name\\"></div>
        <div class=\\"flex justify-end mt-4\\"><button role=\\"button\\" class=\\"game-button md:w-auto w-full md:w-auto w-full\\" disabled=\\"\\"> Start </button></div>
      </div>
    </div>
  </div>
</div>"
`;
